🚀 Iniciando ingesta de Normateca...

📂 Procesando directorio: Acuerdos

📄 Archivo: 825_1729283728_957ed17f12a3084bc92fd39b35142cb4.pdf
  🧠 Extrayendo metadata y artículos con IA...
    ⏳ Esperando 15s para respetar límite de cuota (5 RPM)...
  ✅ Extraído: "ACUERDO del Secretario de Educación del Gobierno del Estado, por el que modifica el Acuerdo que estableció las Bases Generales para obtener la Autorización o Reconocimiento de Validez Oficial de Estudios para impartir Educación Básica y Media Superior, así como para la Suspensión, Terminación Voluntaria, Retiro y Revocación de los mismos" (3 artículos)
  ➕ Documento insertado (id=66).
     ➕ Artículo insertado: Artículo 2, fracción V
     ➕ Artículo insertado: Artículo 8, fracción I (párrafos segundo y tercero)
     ➕ Artículo insertado: Artículo 22, fracción III (último párrafo)

📄 Archivo: 825_1729286393_ee76e31923fddbca58909579eaf2f7db.pdf
  🧠 Extrayendo metadata y artículos con IA...
    ⏳ Esperando 15s para respetar límite de cuota (5 RPM)...
  ⏭️  [NO-APLICA] Documento sin relevancia educativa (EMS/PMC/PAEC/PIPS), omitido: "825_1729286393_ee76e31923fddbca58909579eaf2f7db.pdf"

📄 Archivo: 825_1729286412_a5e99c6151bc049f264c5aed4d484386.pdf
  🧠 Extrayendo metadata y artículos con IA...
    ⏳ Esperando 15s para respetar límite de cuota (5 RPM)...
  ⏭️  [NO-APLICA] Documento sin relevancia educativa (EMS/PMC/PAEC/PIPS), omitido: "825_1729286412_a5e99c6151bc049f264c5aed4d484386.pdf"

📄 Archivo: 825_1729286433_189594063e870953c4aae2c77acc2cb7.pdf
  🧠 Extrayendo metadata y artículos con IA...
    ⏳ Esperando 15s para respetar límite de cuota (5 RPM)...
  ⏭️  [NO-APLICA] Documento sin relevancia educativa (EMS/PMC/PAEC/PIPS), omitido: "825_1729286433_189594063e870953c4aae2c77acc2cb7.pdf"

📄 Archivo: 825_1729286455_7c7e06f5165edaa033eb4fe6f6b08500.pdf
  🧠 Extrayendo metadata y artículos con IA...
    ⏳ Esperando 15s para respetar límite de cuota (5 RPM)...
  ⏭️  [NO-APLICA] Documento sin relevancia educativa (EMS/PMC/PAEC/PIPS), omitido: "825_1729286455_7c7e06f5165edaa033eb4fe6f6b08500.pdf"

📄 Archivo: 825_1729286476_a1ac2bb24f9657477a0ad212da758ee5.pdf
  🧠 Extrayendo metadata y artículos con IA...
    ⏳ Esperando 15s para respetar límite de cuota (5 RPM)...
  ✅ Extraído: "ACUERDO de la Secretaria de Educación del Gobierno del Estado, por el que establece los Lineamientos Específicos para otorgar el Reconocimiento de Validez Oficial para Impartir Estudios de Educación Media Superior" (3 artículos)
  ➕ Documento insertado (id=67).
     ➕ Artículo insertado: ARTÍCULO 6
     ➕ Artículo insertado: ARTÍCULO 8
     ➕ Artículo insertado: ARTÍCULO 9

📄 Archivo: a06_06_15.pdf
  🧠 Extrayendo metadata y artículos con IA...
    ⏳ Esperando 15s para respetar límite de cuota (5 RPM)...
  ✅ Extraído: "ACUERDO número 06/06/15 por el que se establece la formación dual como una opción educativa del tipo medio superior" (4 artículos)
  ➕ Documento insertado (id=68).
     ➕ Artículo insertado: Artículo 5
     ➕ Artículo insertado: Artículo 6
     ➕ Artículo insertado: Artículo 13
     ➕ Artículo insertado: Artículo 16

📄 Archivo: a09_07_16.pdf
  🧠 Extrayendo metadata y artículos con IA...
    ⏳ Esperando 15s para respetar límite de cuota (5 RPM)...
  ⏭️  [NO-APLICA] Documento sin relevancia educativa (EMS/PMC/PAEC/PIPS), omitido: "a09_07_16.pdf"

📄 Archivo: a11_09_15.pdf
  🧠 Extrayendo metadata y artículos con IA...
    ⏳ Esperando 15s para respetar límite de cuota (5 RPM)...
  ⏭️  [NO-APLICA] Documento sin relevancia educativa (EMS/PMC/PAEC/PIPS), omitido: "a11_09_15.pdf"

📄 Archivo: a18_12_15.pdf
  🧠 Extrayendo metadata y artículos con IA...
    ⏳ Esperando 15s para respetar límite de cuota (5 RPM)...
  ⏭️  [NO-APLICA] Documento sin relevancia educativa (EMS/PMC/PAEC/PIPS), omitido: "a18_12_15.pdf"

📄 Archivo: DOF - Diario Oficial de la Federación.pdf
  🧠 Extrayendo metadata y artículos con IA...
    ⏳ Esperando 15s para respetar límite de cuota (5 RPM)...
  ✅ Extraído: "ACUERDO número 21/12/15 por el que se emiten las Reglas de Operación del Programa para la Inclusión y la Equidad Educativa para el ejercicio fiscal 2016" (1 artículos)
  ➕ Documento insertado (id=69).
     ➕ Artículo insertado: ÚNICO

📄 Archivo: DOF - Diario Oficial de la Federación1.pdf
  🧠 Extrayendo metadata y artículos con IA...
    ⏳ Esperando 15s para respetar límite de cuota (5 RPM)...
  ⏭️  [NO-APLICA] Documento sin relevancia educativa (EMS/PMC/PAEC/PIPS), omitido: "DOF - Diario Oficial de la Federación1.pdf"

📄 Archivo: DOF - Diario Oficial de la Federación2.pdf
  🧠 Extrayendo metadata y artículos con IA...
    ⏳ Esperando 15s para respetar límite de cuota (5 RPM)...
  ⏭️  [NO-APLICA] Documento sin relevancia educativa (EMS/PMC/PAEC/PIPS), omitido: "DOF - Diario Oficial de la Federación2.pdf"

📄 Archivo: DOF - Diario Oficial de la Federación3.pdf
  🧠 Extrayendo metadata y artículos con IA...
    ⏳ Esperando 15s para respetar límite de cuota (5 RPM)...
  ⏭️  [NO-APLICA] Documento sin relevancia educativa (EMS/PMC/PAEC/PIPS), omitido: "DOF - Diario Oficial de la Federación3.pdf"

📂 Procesando directorio: Circulares

📄 Archivo: 507_1476378534_9604399a5e5daa2cefd8b5765be9c408.pdf
  ⏭️  [ESCANEADO-OCR] PDF sin texto extraíble (<100 chars). Requiere OCR manual.

📄 Archivo: 507_1476378896_6d017b55a7d96ebae4c6bfd90b8ee09e.pdf
  ⏭️  [ESCANEADO-OCR] PDF sin texto extraíble (<100 chars). Requiere OCR manual.

📄 Archivo: 507_1476379355_b2460a585009c92f05d4bf619949d099.pdf
  ⏭️  [ESCANEADO-OCR] PDF sin texto extraíble (<100 chars). Requiere OCR manual.

📄 Archivo: 507_1634049875_810949966b05288b6f5d3644320d6d27.pdf
  🧠 Extrayendo metadata y artículos con IA...
    ⏳ Esperando 15s para respetar límite de cuota (5 RPM)...
  ✅ Extraído: "Constitución Política los Estados Unidos Mexicanos" (4 artículos)
  ➕ Documento insertado (id=70).
     ➕ Artículo insertado: Artículo 3o.
     ➕ Artículo insertado: Artículo 3o., párrafo cuarto
     ➕ Artículo insertado: Artículo 3o., párrafo décimo segundo
     ➕ Artículo insertado: Artículo 3o., Fracción II, inciso i)

📄 Archivo: 507_1634066825_5ff94aa3ea524103897e023450d1cccb.pdf
  ⏭️  [ESCANEADO-OCR] PDF sin texto extraíble (<100 chars). Requiere OCR manual.

📄 Archivo: 507_1634070312_f5c5cd6fb7027b375672465201663552.pdf
  ⏭️  [ESCANEADO-OCR] PDF sin texto extraíble (<100 chars). Requiere OCR manual.

📄 Archivo: 507_1634071118_53403f49193ef0db69264885ccd0386d.pdf
  🧠 Extrayendo metadata y artículos con IA...
    ⏳ Esperando 15s para respetar límite de cuota (5 RPM)...
  ✅ Extraído: "CIRCULAR No. 08/2016" (1 artículos)
  ➕ Documento insertado (id=71).
     ➕ Artículo insertado: PRIMERA

📄 Archivo: 507_1634081672_f64d15f6e6d3c2a842e3365a2d1f0e85.pdf
  ⏭️  [ESCANEADO-OCR] PDF sin texto extraíble (<100 chars). Requiere OCR manual.

📄 Archivo: 507_1644969635_c1f507163e486caa098eae3cdcf2c9ef.pdf
  ⏭️  [ESCANEADO-OCR] PDF sin texto extraíble (<100 chars). Requiere OCR manual.

📄 Archivo: 825_1721862880_e2b2829189929c1d0fe799e1bc45e206.pdf
  ⏭️  [ESCANEADO-OCR] PDF sin texto extraíble (<100 chars). Requiere OCR manual.

📄 Archivo: 825_1721862907_f83a3e4f690d517b91056ee977caedba.pdf
  ⏭️  [ESCANEADO-OCR] PDF sin texto extraíble (<100 chars). Requiere OCR manual.

📄 Archivo: CIRCULAR_12-OM-19_VEDA_ELECTORAL_2019.pdf
  ⏭️  [ESCANEADO-OCR] PDF sin texto extraíble (<100 chars). Requiere OCR manual.

📄 Archivo: CIRCULAR_NO._07-2019_(1).pdf
  ⏭️  [ESCANEADO-OCR] PDF sin texto extraíble (<100 chars). Requiere OCR manual.

📂 Procesando directorio: Constituciones Políticas

📄 Archivo: 825_1722274113_b7dbbe24067c7592bd7c3b32cbd316aa.pdf
  🧠 Extrayendo metadata y artículos con IA...
    ⏳ Esperando 15s para respetar límite de cuota (5 RPM)...
  ✅ Extraído: "Constitución Política del Estado Libre y Soberano de Puebla" (2 artículos)
  ➕ Documento insertado (id=72).
     ➕ Artículo insertado: Artículo 7
     ➕ Artículo insertado: Artículo 11

📄 Archivo: 825_1728417107_c0f2bcb77868a8fa45b828fcec3eba30.pdf
  🧠 Extrayendo metadata y artículos con IA...
    ⏳ Esperando 15s para respetar límite de cuota (5 RPM)...
  ✅ Extraído: "Constitución Política los Estados Unidos Mexicanos" (1 artículos)
  ♻️  Documento ya existe (id=70), actualizando/insertando artículos...
     ➕ Artículo insertado: Artículo 3o

📂 Procesando directorio: Códigos

📄 Archivo: 507_1497471086_5562d87c702925d69ca5b8dd10583709.pdf
  🧠 Extrayendo metadata y artículos con IA...
    ⏳ Esperando 15s para respetar límite de cuota (5 RPM)...
  ⏭️  [NO-APLICA] Documento sin relevancia educativa (EMS/PMC/PAEC/PIPS), omitido: "507_1497471086_5562d87c702925d69ca5b8dd10583709.pdf"

📄 Archivo: 507_1612378181_962412b07d76682910ca72768244c7b3.pdf
  🧠 Extrayendo metadata y artículos con IA...
    ⏳ Esperando 15s para respetar límite de cuota (5 RPM)...
  ⏭️  [NO-APLICA] Documento sin relevancia educativa (EMS/PMC/PAEC/PIPS), omitido: "507_1612378181_962412b07d76682910ca72768244c7b3.pdf"

📄 Archivo: 507_1634056113_659c73ed38c14823d072be5e76732baf.pdf
  🧠 Extrayendo metadata y artículos con IA...
    ⏳ Esperando 15s para respetar límite de cuota (5 RPM)...
  ⏭️  [NO-APLICA] Documento sin relevancia educativa (EMS/PMC/PAEC/PIPS), omitido: "507_1634056113_659c73ed38c14823d072be5e76732baf.pdf"

📄 Archivo: 507_1642625477_ac4a4d574113244b300c431c1fd5f492.pdf
  🧠 Extrayendo metadata y artículos con IA...
    ⏳ Esperando 15s para respetar límite de cuota (5 RPM)...
  ⏭️  [NO-APLICA] Documento sin relevancia educativa (EMS/PMC/PAEC/PIPS), omitido: "507_1642625477_ac4a4d574113244b300c431c1fd5f492.pdf"

📄 Archivo: 825_1721853866_54c0a1a3e4c004c277078a1e0226c847.pdf
  🧠 Extrayendo metadata y artículos con IA...
    ⏳ Esperando 15s para respetar límite de cuota (5 RPM)...
  ⏭️  [NO-APLICA] Documento sin relevancia educativa (EMS/PMC/PAEC/PIPS), omitido: "825_1721853866_54c0a1a3e4c004c277078a1e0226c847.pdf"

📄 Archivo: 825_1721853899_178cc193a0222194637097c425cda19e.pdf
  🧠 Extrayendo metadata y artículos con IA...
    ⏳ Esperando 15s para respetar límite de cuota (5 RPM)...
  ⏭️  [NO-APLICA] Documento sin relevancia educativa (EMS/PMC/PAEC/PIPS), omitido: "825_1721853899_178cc193a0222194637097c425cda19e.pdf"

📄 Archivo: 825_1721853951_445991d1f58ad1a7b8217d56ac02ae98.pdf
  🧠 Extrayendo metadata y artículos con IA...
    ⏳ Esperando 15s para respetar límite de cuota (5 RPM)...
  ✅ Extraído: "Código de Ética para las Personas Servidoras Públicas de la Administración Pública Estatal" (4 artículos)
  ➕ Documento insertado (id=73).
     ➕ Artículo insertado: ARTÍCULO 1
     ➕ Artículo insertado: ARTÍCULO 2
     ➕ Artículo insertado: ARTÍCULO 4
     ➕ Artículo insertado: ARTÍCULO 5, Inciso c)

📄 Archivo: 825_1721854004_ee5a44e97c22b2d03e4ec6befadefcf2.pdf
  🧠 Extrayendo metadata y artículos con IA...
    ⏳ Esperando 15s para respetar límite de cuota (5 RPM)...
  ⏭️  [NO-APLICA] Documento sin relevancia educativa (EMS/PMC/PAEC/PIPS), omitido: "825_1721854004_ee5a44e97c22b2d03e4ec6befadefcf2.pdf"

📄 Archivo: 825_1721854171_9dcf7b30286b2c2835feabb96ae352e1.pdf
  🧠 Extrayendo metadata y artículos con IA...
    ⏳ Esperando 15s para respetar límite de cuota (5 RPM)...
  ⏭️  [NO-APLICA] Documento sin relevancia educativa (EMS/PMC/PAEC/PIPS), omitido: "825_1721854171_9dcf7b30286b2c2835feabb96ae352e1.pdf"

📄 Archivo: 825_1722286021_c9949dc2dfde8ecacf87ddeeaa71ad50.pdf
  🧠 Extrayendo metadata y artículos con IA...
    ⏳ Esperando 15s para respetar límite de cuota (5 RPM)...
  ⏭️  [NO-APLICA] Documento sin relevancia educativa (EMS/PMC/PAEC/PIPS), omitido: "825_1722286021_c9949dc2dfde8ecacf87ddeeaa71ad50.pdf"

📄 Archivo: 825_1729278550_c7a7a9bfd10b5bb9f440e813984732f3.pdf
  🧠 Extrayendo metadata y artículos con IA...
    ⏳ Esperando 15s para respetar límite de cuota (5 RPM)...
  ⏭️  [NO-APLICA] Documento sin relevancia educativa (EMS/PMC/PAEC/PIPS), omitido: "825_1729278550_c7a7a9bfd10b5bb9f440e813984732f3.pdf"

📄 Archivo: 825_1729278616_afcbdc257ac149e257ad393cb8545d12.pdf
  🧠 Extrayendo metadata y artículos con IA...
    ⏳ Esperando 15s para respetar límite de cuota (5 RPM)...
  ⏭️  [NO-APLICA] Documento sin relevancia educativa (EMS/PMC/PAEC/PIPS), omitido: "825_1729278616_afcbdc257ac149e257ad393cb8545d12.pdf"

📄 Archivo: 825_1729279369_c5e1f044fefeb7d68db4234aa0d12158.pdf
  🧠 Extrayendo metadata y artículos con IA...
    ⏳ Esperando 15s para respetar límite de cuota (5 RPM)...
  ⏭️  [NO-APLICA] Documento sin relevancia educativa (EMS/PMC/PAEC/PIPS), omitido: "825_1729279369_c5e1f044fefeb7d68db4234aa0d12158.pdf"

📄 Archivo: Codigo_de_Etica_1.pdf
  🧠 Extrayendo metadata y artículos con IA...
    ⏳ Esperando 15s para respetar límite de cuota (5 RPM)...
  ✅ Extraído: "Código de Ética, y las Reglas de Integridad para el Ejercicio de la Función Pública del Gobierno del Estado de Puebla" (3 artículos)
  ➕ Documento insertado (id=74).
     ➕ Artículo insertado: CAPÍTULO I - Artículo 1
     ➕ Artículo insertado: CAPÍTULO II - Artículo 3
     ➕ Artículo insertado: CAPÍTULO IV - Regla 1a. Actuación Pública

📄 Archivo: CÓDIGO_DE_CONDUCTA_DEL_PERSONAL_DEL_SERVICIO_PÚBLICO_DE_LA_SECRETARÍA_DE_EDUCACIÓN_-_FIRMADO_(1)_1.pdf
  🧠 Extrayendo metadata y artículos con IA...
    ⏳ Esperando 15s para respetar límite de cuota (5 RPM)...
  ✅ Extraído: "Código de Conducta del Personal del Servicio Público de la Secretaría de Educación" (3 artículos)
  ➕ Documento insertado (id=75).
     ➕ Artículo insertado: II. OBJETIVO
     ➕ Artículo insertado: III. ALCANCE
     ➕ Artículo insertado: IV. CONDUCTAS

📂 Procesando directorio: Decreto de Creación

📄 Archivo: 507_1642457689_e479ecb8fd750ec9b37c2fb5204e88ee.pdf
  ⏭️  [ESCANEADO-OCR] PDF sin texto extraíble (<100 chars). Requiere OCR manual.

📂 Procesando directorio: Ley Local - Ley Federal  - Ley General

📄 Archivo: 171.pdf
  🧠 Extrayendo metadata y artículos con IA...
    ⏳ Esperando 15s para respetar límite de cuota (5 RPM)...
  ✅ Extraído: "Ley Orgánica del Instituto Politécnico Nacional" (5 artículos)
  ♻️  Documento ya existe (id=10), actualizando/insertando artículos...
     ➕ Artículo insertado: ARTICULO 3, fracción III
     ➕ Artículo insertado: ARTICULO 4, fracción III
     ➕ Artículo insertado: ARTICULO 4, fracción V
     ➕ Artículo insertado: ARTICULO 4, fracción XIX
     ➕ Artículo insertado: ARTICULO 4, fracción XX

📄 Archivo: 507_1497465152_1bed3a9d376c3c20910411157b21d2d3.pdf
  🧠 Extrayendo metadata y artículos con IA...
    ⏳ Esperando 15s para respetar límite de cuota (5 RPM)...
  ✅ Extraído: "Ley del Instituto Nacional para la Evaluación de la Educación" (4 artículos)
  ♻️  Documento ya existe (id=11), actualizando/insertando artículos...
     ♻️  Artículo actualizado: Artículo 7
     ♻️  Artículo actualizado: Artículo 8
     ♻️  Artículo actualizado: Artículo 15
     ♻️  Artículo actualizado: Artículo 16

📄 Archivo: 507_1633983750_7918794ce7dc830f27d323dcd53b1f4c.pdf
  🧠 Extrayendo metadata y artículos con IA...
    ⏳ Esperando 15s para respetar límite de cuota (5 RPM)...
  ⏭️  [NO-APLICA] Documento sin relevancia educativa (EMS/PMC/PAEC/PIPS), omitido: "507_1633983750_7918794ce7dc830f27d323dcd53b1f4c.pdf"

📄 Archivo: 507_1633984451_33f9fcb8944e106c45a1b924f0fd2dc1.pdf
  🧠 Extrayendo metadata y artículos con IA...
    ⏳ Esperando 15s para respetar límite de cuota (5 RPM)...
  ⏭️  [NO-APLICA] Documento sin relevancia educativa (EMS/PMC/PAEC/PIPS), omitido: "507_1633984451_33f9fcb8944e106c45a1b924f0fd2dc1.pdf"

📄 Archivo: 507_1634051171_7ee314881cf3ac04c07685a33c1513fa.pdf
  🧠 Extrayendo metadata y artículos con IA...
    ⏳ Esperando 15s para respetar límite de cuota (5 RPM)...
  ⏭️  [NO-APLICA] Documento sin relevancia educativa (EMS/PMC/PAEC/PIPS), omitido: "507_1634051171_7ee314881cf3ac04c07685a33c1513fa.pdf"

📄 Archivo: 507_1634051451_68a2d157e3091cf980ca629e13ff5692.pdf
  🧠 Extrayendo metadata y artículos con IA...
    ⏳ Esperando 15s para respetar límite de cuota (5 RPM)...
  ⏭️  [NO-APLICA] Documento sin relevancia educativa (EMS/PMC/PAEC/PIPS), omitido: "507_1634051451_68a2d157e3091cf980ca629e13ff5692.pdf"

📄 Archivo: 507_1634051657_17f2d39e2547246ad0d062771b42d5e9.pdf
  🧠 Extrayendo metadata y artículos con IA...
    ⏳ Esperando 15s para respetar límite de cuota (5 RPM)...
  ✅ Extraído: "Ley Federal de Protección al Consumidor" (3 artículos)
  ♻️  Documento ya existe (id=16), actualizando/insertando artículos...
     ➕ Artículo insertado: ARTÍCULO 1
     ➕ Artículo insertado: ARTÍCULO 8 Bis
     ➕ Artículo insertado: ARTÍCULO 24

📄 Archivo: 507_1634056113_659c73ed38c14823d072be5e76732baf.pdf
  🧠 Extrayendo metadata y artículos con IA...
    ⏳ Esperando 15s para respetar límite de cuota (5 RPM)...
  ⏭️  [NO-APLICA] Documento sin relevancia educativa (EMS/PMC/PAEC/PIPS), omitido: "507_1634056113_659c73ed38c14823d072be5e76732baf.pdf"

📄 Archivo: 507_1634079696_f50c5cf88f661cc6033180603c5ccdc9.pdf
  🧠 Extrayendo metadata y artículos con IA...
    ⏳ Esperando 15s para respetar límite de cuota (5 RPM)...
  ✅ Extraído: "Ley de Migración" (1 artículos)
  ♻️  Documento ya existe (id=18), actualizando/insertando artículos...
     ♻️  Artículo actualizado: Artículo 8

📄 Archivo: 507_1634081559_70221853d66f29650419b5a3300d50bf.pdf
  🧠 Extrayendo metadata y artículos con IA...
    ⏳ Esperando 15s para respetar límite de cuota (5 RPM)...
  ✅ Extraído: "LEY DEL INSTITUTO MEXICANO DE LA JUVENTUD" (3 artículos)
  ➕ Documento insertado (id=76).
     ➕ Artículo insertado: Artículo 2
     ➕ Artículo insertado: Artículo 3, fracción I
     ➕ Artículo insertado: Artículo 4, fracción XIV

📄 Archivo: 507_1634081824_efb91e6393e75b4bff0b218554436a5e.pdf
  🧠 Extrayendo metadata y artículos con IA...
    ⏳ Esperando 15s para respetar límite de cuota (5 RPM)...
  ⏭️  [NO-APLICA] Documento sin relevancia educativa (EMS/PMC/PAEC/PIPS), omitido: "507_1634081824_efb91e6393e75b4bff0b218554436a5e.pdf"

📄 Archivo: 507_1634082988_28f30687ea42cdbfdab5903b44f543f4.pdf
  🧠 Extrayendo metadata y artículos con IA...
    ⏳ Esperando 15s para respetar límite de cuota (5 RPM)...
  ⏭️  [NO-APLICA] Documento sin relevancia educativa (EMS/PMC/PAEC/PIPS), omitido: "507_1634082988_28f30687ea42cdbfdab5903b44f543f4.pdf"

📄 Archivo: 507_1634083665_df32e508293c915ac8f9438f4bfb9f61.pdf
  🧠 Extrayendo metadata y artículos con IA...
    ⏳ Esperando 15s para respetar límite de cuota (5 RPM)...
  ⏭️  [NO-APLICA] Documento sin relevancia educativa (EMS/PMC/PAEC/PIPS), omitido: "507_1634083665_df32e508293c915ac8f9438f4bfb9f61.pdf"

📄 Archivo: 507_1634086330_37b686b53c2e3b37aa5ef76140c7a16c.pdf
  🧠 Extrayendo metadata y artículos con IA...
    ⏳ Esperando 15s para respetar límite de cuota (5 RPM)...
  ⏭️  [NO-APLICA] Documento sin relevancia educativa (EMS/PMC/PAEC/PIPS), omitido: "507_1634086330_37b686b53c2e3b37aa5ef76140c7a16c.pdf"

📄 Archivo: 507_1634086649_74183ef456728bf9a67daede3de853b4.pdf
  🧠 Extrayendo metadata y artículos con IA...
    ⏳ Esperando 15s para respetar límite de cuota (5 RPM)...
  ⏭️  [NO-APLICA] Documento sin relevancia educativa (EMS/PMC/PAEC/PIPS), omitido: "507_1634086649_74183ef456728bf9a67daede3de853b4.pdf"

📄 Archivo: 507_1642470876_e76d20d1466ea80c22bfab670e56776c.pdf
  🧠 Extrayendo metadata y artículos con IA...
    ⏳ Esperando 15s para respetar límite de cuota (5 RPM)...
  ⏭️  [NO-APLICA] Documento sin relevancia educativa (EMS/PMC/PAEC/PIPS), omitido: "507_1642470876_e76d20d1466ea80c22bfab670e56776c.pdf"

📄 Archivo: 507_1642624072_a3931f945f453d72f3e0a4f9f66729b0.pdf
  🧠 Extrayendo metadata y artículos con IA...
    ⏳ Esperando 15s para respetar límite de cuota (5 RPM)...
  ⏭️  [NO-APLICA] Documento sin relevancia educativa (EMS/PMC/PAEC/PIPS), omitido: "507_1642624072_a3931f945f453d72f3e0a4f9f66729b0.pdf"

📄 Archivo: 507_1642625001_b8b744638f2618a856345badd280058a.pdf
  🧠 Extrayendo metadata y artículos con IA...
    ⏳ Esperando 15s para respetar límite de cuota (5 RPM)...
  ⏭️  [NO-APLICA] Documento sin relevancia educativa (EMS/PMC/PAEC/PIPS), omitido: "507_1642625001_b8b744638f2618a856345badd280058a.pdf"

📄 Archivo: 507_1644951406_ff13f95d3680db3e7b68cc2d930f1776.pdf
  🧠 Extrayendo metadata y artículos con IA...
    ⏳ Esperando 15s para respetar límite de cuota (5 RPM)...
  ⏭️  [NO-APLICA] Documento sin relevancia educativa (EMS/PMC/PAEC/PIPS), omitido: "507_1644951406_ff13f95d3680db3e7b68cc2d930f1776.pdf"

📄 Archivo: 507_1647375081_a6f2a50801e3ab439c9a1780f3c01f8e.pdf
  🧠 Extrayendo metadata y artículos con IA...
    ⏳ Esperando 15s para respetar límite de cuota (5 RPM)...
  ⏭️  [NO-APLICA] Documento sin relevancia educativa (EMS/PMC/PAEC/PIPS), omitido: "507_1647375081_a6f2a50801e3ab439c9a1780f3c01f8e.pdf"

📄 Archivo: 825_1722274843_3fbb025adc10d0ffb5d884658695b53d.pdf
  🧠 Extrayendo metadata y artículos con IA...
    ⏳ Esperando 15s para respetar límite de cuota (5 RPM)...
  ✅ Extraído: "Ley General para la Igualdad entre Mujeres y Hombres" (3 artículos)
  ♻️  Documento ya existe (id=56), actualizando/insertando artículos...
     ♻️  Artículo actualizado: Artículo 1
     ➕ Artículo insertado: Artículo 5, fracción X
     ➕ Artículo insertado: Artículo 17, fracción X

📄 Archivo: 825_1722283797_14ca173d104ddf6f699341301915fabf.pdf
  🧠 Extrayendo metadata y artículos con IA...
    ⏳ Esperando 15s para respetar límite de cuota (5 RPM)...
  ✅ Extraído: "Ley Federal de Procedimiento Administrativo" (3 artículos)
  ➕ Documento insertado (id=77).
     ➕ Artículo insertado: Artículo 3
     ➕ Artículo insertado: Artículo 13
     ➕ Artículo insertado: Artículo 16

📄 Archivo: 825_1722283993_71a3a25b212f5ef025101e3064c8355e.pdf
  🧠 Extrayendo metadata y artículos con IA...
    ⏳ Esperando 15s para respetar límite de cuota (5 RPM)...
  ⏭️  [NO-APLICA] Documento sin relevancia educativa (EMS/PMC/PAEC/PIPS), omitido: "825_1722283993_71a3a25b212f5ef025101e3064c8355e.pdf"

📄 Archivo: 825_1722284085_38b858fa87cd71350e7f76ee825d0e78.pdf
  🧠 Extrayendo metadata y artículos con IA...
    ⏳ Esperando 15s para respetar límite de cuota (5 RPM)...
  ⏭️  [NO-APLICA] Documento sin relevancia educativa (EMS/PMC/PAEC/PIPS), omitido: "825_1722284085_38b858fa87cd71350e7f76ee825d0e78.pdf"

📄 Archivo: 825_1722284176_89792f7ed3dc5b6d7c551889b2c1eb91.pdf
  🧠 Extrayendo metadata y artículos con IA...
    ⏳ Esperando 15s para respetar límite de cuota (5 RPM)...
  ✅ Extraído: "Ley de Planeación" (2 artículos)
  ♻️  Documento ya existe (id=34), actualizando/insertando artículos...
     ♻️  Artículo actualizado: Artículo 2o.
     ➕ Artículo insertado: Artículo 3o.

📄 Archivo: 825_1722284258_b022184874bffc4b929b0feedf922335.pdf
  🧠 Extrayendo metadata y artículos con IA...
    ⏳ Esperando 15s para respetar límite de cuota (5 RPM)...
  ⏭️  [NO-APLICA] Documento sin relevancia educativa (EMS/PMC/PAEC/PIPS), omitido: "825_1722284258_b022184874bffc4b929b0feedf922335.pdf"

📄 Archivo: 825_1722284380_0c12b6cd697f48018c765fdb40371d46.pdf
  🧠 Extrayendo metadata y artículos con IA...
    ⏳ Esperando 15s para respetar límite de cuota (5 RPM)...
  ⏭️  [NO-APLICA] Documento sin relevancia educativa (EMS/PMC/PAEC/PIPS), omitido: "825_1722284380_0c12b6cd697f48018c765fdb40371d46.pdf"

📄 Archivo: 825_1722284528_87e6090c5ed23fce8f92b72f838056f1.pdf
  🧠 Extrayendo metadata y artículos con IA...
    ⏳ Esperando 15s para respetar límite de cuota (5 RPM)...
  ⏭️  [NO-APLICA] Documento sin relevancia educativa (EMS/PMC/PAEC/PIPS), omitido: "825_1722284528_87e6090c5ed23fce8f92b72f838056f1.pdf"

📄 Archivo: 825_1722284893_c0ef6ac047b7b9b65f31b52cfb549310.pdf
  🧠 Extrayendo metadata y artículos con IA...
    ⏳ Esperando 15s para respetar límite de cuota (5 RPM)...
  ⏭️  [NO-APLICA] Documento sin relevancia educativa (EMS/PMC/PAEC/PIPS), omitido: "825_1722284893_c0ef6ac047b7b9b65f31b52cfb549310.pdf"

📄 Archivo: 825_1722285045_92fbbd89bdc70c049c9514dbcc0a7701.pdf
  🧠 Extrayendo metadata y artículos con IA...
    ⏳ Esperando 15s para respetar límite de cuota (5 RPM)...
  ⏭️  [NO-APLICA] Documento sin relevancia educativa (EMS/PMC/PAEC/PIPS), omitido: "825_1722285045_92fbbd89bdc70c049c9514dbcc0a7701.pdf"

📄 Archivo: 825_1722285154_5b5d4b63e29c08c777e30a176d66515e.pdf
  🧠 Extrayendo metadata y artículos con IA...
    ⏳ Esperando 15s para respetar límite de cuota (5 RPM)...
  ⏭️  [NO-APLICA] Documento sin relevancia educativa (EMS/PMC/PAEC/PIPS), omitido: "825_1722285154_5b5d4b63e29c08c777e30a176d66515e.pdf"

📄 Archivo: 825_1722285267_d704fe41e659119680fad8b30135eac4.pdf
  🧠 Extrayendo metadata y artículos con IA...
    ⏳ Esperando 15s para respetar límite de cuota (5 RPM)...
  ✅ Extraído: "Ley de Fomento para la Lectura y el Libro" (1 artículos)
  ♻️  Documento ya existe (id=41), actualizando/insertando artículos...
     ➕ Artículo insertado: Artículo 10, Fracción VIII

📄 Archivo: 825_1722285371_4ce71c7ed103433b7f93912e9952a788.pdf
  🧠 Extrayendo metadata y artículos con IA...
    ⏳ Esperando 15s para respetar límite de cuota (5 RPM)...
  ⏭️  [NO-APLICA] Documento sin relevancia educativa (EMS/PMC/PAEC/PIPS), omitido: "825_1722285371_4ce71c7ed103433b7f93912e9952a788.pdf"

📄 Archivo: 825_1722285464_eb91bd138159857384b141a4b3e5a022.pdf
  🧠 Extrayendo metadata y artículos con IA...
    ⏳ Esperando 15s para respetar límite de cuota (5 RPM)...
  ⏭️  [NO-APLICA] Documento sin relevancia educativa (EMS/PMC/PAEC/PIPS), omitido: "825_1722285464_eb91bd138159857384b141a4b3e5a022.pdf"

📄 Archivo: 825_1722285565_fbb7a07c0f0808ee1eae45840afef0f4.pdf
  🧠 Extrayendo metadata y artículos con IA...
    ⏳ Esperando 15s para respetar límite de cuota (5 RPM)...
  ✅ Extraído: "Ley Reglamentaria del Artículo 3o. de la Constitución Política de los Estados Unidos Mexicanos, en Materia de Mejora Continua de la Educación" (4 artículos)
  ♻️  Documento ya existe (id=44), actualizando/insertando artículos...
     ➕ Artículo insertado: Artículo 3
     ♻️  Artículo actualizado: Artículo 12
     ➕ Artículo insertado: Artículo 16
     ♻️  Artículo actualizado: Artículo 21

📄 Archivo: 825_1722285710_df2a69d8482bc1b3bbbb3f9fc1e81a48.pdf
  🧠 Extrayendo metadata y artículos con IA...
    ⏳ Esperando 15s para respetar límite de cuota (5 RPM)...
  ✅ Extraído: "Ley Sobre el Escudo, la Bandera y el Himno Nacionales" (3 artículos)
  ➕ Documento insertado (id=78).
     ➕ Artículo insertado: 15
     ➕ Artículo insertado: 21
     ➕ Artículo insertado: 42

📄 Archivo: 825_1722285799_418f2453e6147053fef4f5882a15c1b7.pdf
  🧠 Extrayendo metadata y artículos con IA...
    ⏳ Esperando 15s para respetar límite de cuota (5 RPM)...
  ✅ Extraído: "Ley Federal del Derecho de Autor" (2 artículos)
  ♻️  Documento ya existe (id=46), actualizando/insertando artículos...
     ➕ Artículo insertado: Artículo 14
     ➕ Artículo insertado: Artículo 16

📄 Archivo: 825_1728417794_cd4d2f2d898f3c3a4a939aa92d947b13.pdf
  🧠 Extrayendo metadata y artículos con IA...
    ⏳ Esperando 15s para respetar límite de cuota (5 RPM)...
  ✅ Extraído: "Ley Federal para Prevenir y Eliminar la Discriminación" (5 artículos)
  ♻️  Documento ya existe (id=47), actualizando/insertando artículos...
     ➕ Artículo insertado: Artículo 9, fracción I
     ➕ Artículo insertado: Artículo 9, fracción II
     ♻️  Artículo actualizado: Artículo 15 Bis
     ➕ Artículo insertado: Artículo 15 Sextus, fracción I
     ➕ Artículo insertado: Artículo 15 Octavus

📄 Archivo: 825_1728417964_2f81954c46d0e07b93e178a9fc4952b4.pdf
  🧠 Extrayendo metadata y artículos con IA...
    ⏳ Esperando 15s para respetar límite de cuota (5 RPM)...
  ⏭️  [NO-APLICA] Documento sin relevancia educativa (EMS/PMC/PAEC/PIPS), omitido: "825_1728417964_2f81954c46d0e07b93e178a9fc4952b4.pdf"

📄 Archivo: 825_1729275193_542939524579d8d09bb37cbddb63b52b.pdf
  🧠 Extrayendo metadata y artículos con IA...
    ⏳ Esperando 15s para respetar límite de cuota (5 RPM)...
  ⏭️  [NO-APLICA] Documento sin relevancia educativa (EMS/PMC/PAEC/PIPS), omitido: "825_1729275193_542939524579d8d09bb37cbddb63b52b.pdf"

📄 Archivo: Ley_del_Impuesto_al_Valor_Agregado.pdf
  🧠 Extrayendo metadata y artículos con IA...
    ⏳ Esperando 15s para respetar límite de cuota (5 RPM)...
  ⏭️  [NO-APLICA] Documento sin relevancia educativa (EMS/PMC/PAEC/PIPS), omitido: "Ley_del_Impuesto_al_Valor_Agregado.pdf"

📄 Archivo: wo105778.pdf
  🧠 Extrayendo metadata y artículos con IA...
    ⏳ Esperando 15s para respetar límite de cuota (5 RPM)...
  ⏭️  [NO-APLICA] Documento sin relevancia educativa (EMS/PMC/PAEC/PIPS), omitido: "wo105778.pdf"

📄 Archivo: 507_1633997404_568de3233e34cc75bd2397398f810eab.pdf
  🧠 Extrayendo metadata y artículos con IA...
    ⏳ Esperando 15s para respetar límite de cuota (5 RPM)...
  ⏭️  [NO-APLICA] Documento sin relevancia educativa (EMS/PMC/PAEC/PIPS), omitido: "507_1633997404_568de3233e34cc75bd2397398f810eab.pdf"

📄 Archivo: 507_1634079266_db7dde13e51b7e9e5d6657e7290ac4d2.pdf
  🧠 Extrayendo metadata y artículos con IA...
    ⏳ Esperando 15s para respetar límite de cuota (5 RPM)...
  ⏭️  [NO-APLICA] Documento sin relevancia educativa (EMS/PMC/PAEC/PIPS), omitido: "507_1634079266_db7dde13e51b7e9e5d6657e7290ac4d2.pdf"

📄 Archivo: 507_1642458199_067c2e370f39161ff56dea42680a12cb.pdf
  🧠 Extrayendo metadata y artículos con IA...
    ⏳ Esperando 15s para respetar límite de cuota (5 RPM)...
  ✅ Extraído: "LEY GENERAL DE PROTECCIÓN CIVIL" (6 artículos)
  ➕ Documento insertado (id=79).
     ➕ Artículo insertado: Artículo 2, fracción VI
     ➕ Artículo insertado: Artículo 2, fracción XII
     ➕ Artículo insertado: Artículo 2, fracción XLI
     ➕ Artículo insertado: Artículo 2, fracción LIII
     ➕ Artículo insertado: Artículo 2, fracción LVI
     ➕ Artículo insertado: Artículo 4, fracción II

📄 Archivo: 507_1642458548_3ecbb2502f5d1b63d6c97cac210644f2.pdf
  🧠 Extrayendo metadata y artículos con IA...
    ⏳ Esperando 15s para respetar límite de cuota (5 RPM)...
  ✅ Extraído: "LEY GENERAL DE ACCESO DE LAS MUJERES A UNA VIDA LIBRE DE VIOLENCIA" (4 artículos)
  ♻️  Documento ya existe (id=55), actualizando/insertando artículos...
     ♻️  Artículo actualizado: ARTÍCULO 10
     ♻️  Artículo actualizado: ARTÍCULO 12
     ♻️  Artículo actualizado: ARTÍCULO 13
     ♻️  Artículo actualizado: ARTÍCULO 15

📄 Archivo: 507_1642627300_ab2fd636018aae5b33cfaea8ee822498.pdf
  🧠 Extrayendo metadata y artículos con IA...
    ⏳ Esperando 15s para respetar límite de cuota (5 RPM)...
  ✅ Extraído: "LEY GENERAL PARA LA IGUALDAD ENTRE MUJERES Y HOMBRES" (2 artículos)
  ♻️  Documento ya existe (id=30), actualizando/insertando artículos...
     ➕ Artículo insertado: Artículo 17, fracción X
     ➕ Artículo insertado: Artículo 36, fracción II

📄 Archivo: 825_1722274446_e336c9dac08525d5a04ee368be884b9d.pdf
  🧠 Extrayendo metadata y artículos con IA...
    ⏳ Esperando 15s para respetar límite de cuota (5 RPM)...
  ✅ Extraído: "LEY GENERAL DEL SISTEMA PARA LA CARRERA DE LAS MAESTRAS Y LOS MAESTROS" (3 artículos)
  ♻️  Documento ya existe (id=57), actualizando/insertando artículos...
     ♻️  Artículo actualizado: Artículo 3
     ♻️  Artículo actualizado: Artículo 8
     ➕ Artículo insertado: Artículo 13

📄 Archivo: 825_1722274581_16459d108910e73687210979d3e4270a.pdf
  🧠 Extrayendo metadata y artículos con IA...
    ⏳ Esperando 15s para respetar límite de cuota (5 RPM)...
  ✅ Extraído: "Ley General de Cultura Física y Deporte" (3 artículos)
  ♻️  Documento ya existe (id=58), actualizando/insertando artículos...
     ♻️  Artículo actualizado: Artículo 2
     ♻️  Artículo actualizado: Artículo 3
     ➕ Artículo insertado: Artículo 13, fracción V

📄 Archivo: 825_1722274683_050ea4a9240c8c40f3b80fb3632b8f96.pdf
  🧠 Extrayendo metadata y artículos con IA...
    ⏳ Esperando 15s para respetar límite de cuota (5 RPM)...
  ✅ Extraído: "Ley General de Bibliotecas" (1 artículos)
  ➕ Documento insertado (id=80).
     ➕ Artículo insertado: Artículo 23

📄 Archivo: 825_1722274761_d8bf2a1e8288f8abf13992f7a208af0e.pdf
  🧠 Extrayendo metadata y artículos con IA...
    ⏳ Esperando 15s para respetar límite de cuota (5 RPM)...
  ✅ Extraído: "Ley General de los Derechos de Niñas, Niños y Adolescentes" (6 artículos)
  ♻️  Documento ya existe (id=60), actualizando/insertando artículos...
     ♻️  Artículo actualizado: Artículo 2
     ♻️  Artículo actualizado: Artículo 6
     ➕ Artículo insertado: Artículo 10
     ♻️  Artículo actualizado: Artículo 13
     ➕ Artículo insertado: Artículo 17
     ♻️  Artículo actualizado: Artículo 18

📄 Archivo: 825_1722274925_301dab79ea32b7fe0206adcb444702bf.pdf
  🧠 Extrayendo metadata y artículos con IA...
    ⏳ Esperando 15s para respetar límite de cuota (5 RPM)...
  ✅ Extraído: "Ley General en Materia de Humanidades, Ciencias, Tecnologías e Innovación" (3 artículos)
  ♻️  Documento ya existe (id=61), actualizando/insertando artículos...
     ➕ Artículo insertado: Artículo 9
     ➕ Artículo insertado: Artículo 10
     ➕ Artículo insertado: Artículo 11, fracción XVIII

📄 Archivo: 825_1722274992_714ac3eab5792556d6e326d4fd8f89a7.pdf
  🧠 Extrayendo metadata y artículos con IA...
    ⏳ Esperando 15s para respetar límite de cuota (5 RPM)...
  ✅ Extraído: "LEY GENERAL PARA LA INCLUSIÓN DE LAS PERSONAS CON DISCAPACIDAD" (1 artículos)
  ♻️  Documento ya existe (id=62), actualizando/insertando artículos...
     ➕ Artículo insertado: Artículo 12

📄 Archivo: 825_1722275641_e4745948eb8576e91e4e80ef1128a3da.pdf
  🧠 Extrayendo metadata y artículos con IA...
    ⏳ Esperando 15s para respetar límite de cuota (5 RPM)...
  ✅ Extraído: "Ley General para la Prevención Social de la Violencia y la Delincuencia" (2 artículos)
  ♻️  Documento ya existe (id=63), actualizando/insertando artículos...
     ♻️  Artículo actualizado: Artículo 7
     ♻️  Artículo actualizado: Artículo 10

📄 Archivo: 825_1722275738_0387498330e45e30e57731dd0ff9900c.pdf
  🧠 Extrayendo metadata y artículos con IA...
    ⏳ Esperando 15s para respetar límite de cuota (5 RPM)...
  ⏭️  [NO-APLICA] Documento sin relevancia educativa (EMS/PMC/PAEC/PIPS), omitido: "825_1722275738_0387498330e45e30e57731dd0ff9900c.pdf"

📄 Archivo: 825_1722275804_21b1cafe1c5d428a4ec14a13696e68b3.pdf
  🧠 Extrayendo metadata y artículos con IA...
    ⏳ Esperando 15s para respetar límite de cuota (5 RPM)...
  ✅ Extraído: "Ley General de Archivos" (4 artículos)
  ♻️  Documento ya existe (id=65), actualizando/insertando artículos...
     ♻️  Artículo actualizado: Artículo 10
     ♻️  Artículo actualizado: Artículo 11
     ♻️  Artículo actualizado: Artículo 13
     ♻️  Artículo actualizado: Artículo 16

📄 Archivo: 825_1722275927_708d0b2c32faf1b2dcd21588e11a4b3c.pdf
  🧠 Extrayendo metadata y artículos con IA...
    ⏳ Esperando 15s para respetar límite de cuota (5 RPM)...
  ✅ Extraído: "Ley General de Responsabilidades Administrativas" (1 artículos)
  ➕ Documento insertado (id=81).
     ➕ Artículo insertado: Artículo 7

📄 Archivo: 825_1728417228_ecedde3e2a616ceb58c3ae1ac3940fa6.pdf
  🧠 Extrayendo metadata y artículos con IA...
    ⏳ Esperando 15s para respetar límite de cuota (5 RPM)...
  ✅ Extraído: "Ley General de Educación" (4 artículos)
  ➕ Documento insertado (id=82).
     ➕ Artículo insertado: Artículo 6
     ➕ Artículo insertado: Artículo 11
     ➕ Artículo insertado: Artículo 14
     ➕ Artículo insertado: Artículo 17

📄 Archivo: 825_1728417684_8cd5f7e65d45646055843ad17319bec2.pdf
  🧠 Extrayendo metadata y artículos con IA...
    ⏳ Esperando 15s para respetar límite de cuota (5 RPM)...
  ⏭️  [NO-APLICA] Documento sin relevancia educativa (EMS/PMC/PAEC/PIPS), omitido: "825_1728417684_8cd5f7e65d45646055843ad17319bec2.pdf"

📄 Archivo: 825_1729271180_11c79cb715b16861647f543a4f9c40cf.pdf
  🧠 Extrayendo metadata y artículos con IA...
    ⏳ Esperando 15s para respetar límite de cuota (5 RPM)...
  ⏭️  [NO-APLICA] Documento sin relevancia educativa (EMS/PMC/PAEC/PIPS), omitido: "825_1729271180_11c79cb715b16861647f543a4f9c40cf.pdf"

📄 Archivo: 825_1729271234_7ca7240535264ff65b0a551f8042fccb.pdf
  🧠 Extrayendo metadata y artículos con IA...
    ⏳ Esperando 15s para respetar límite de cuota (5 RPM)...
  ✅ Extraído: "Ley General de Transparencia y Acceso a la Información Pública" (3 artículos)
  ➕ Documento insertado (id=83).
     ➕ Artículo insertado: Artículo 18
     ➕ Artículo insertado: Artículo 23
     ➕ Artículo insertado: Artículo 24

📄 Archivo: DOF - Diario Oficial de la Federación.pdf
  🧠 Extrayendo metadata y artículos con IA...
    ⏳ Esperando 15s para respetar límite de cuota (5 RPM)...
  ✅ Extraído: "DECRETO por el que se expide la Ley General del Servicio Profesional Docente" (3 artículos)
  ➕ Documento insertado (id=84).
     ➕ Artículo insertado: Artículo 9
     ➕ Artículo insertado: Artículo 12
     ➕ Artículo insertado: Artículo 13

📄 Archivo: 1076_1599693003_a8a2a0ebd0ed70175fef43f09b11ddf9.pdf
  🧠 Extrayendo metadata y artículos con IA...
    ⏳ Esperando 15s para respetar límite de cuota (5 RPM)...
  ⏭️  [NO-APLICA] Documento sin relevancia educativa (EMS/PMC/PAEC/PIPS), omitido: "1076_1599693003_a8a2a0ebd0ed70175fef43f09b11ddf9.pdf"

📄 Archivo: 507_1497467567_48511f7931cd81817b57b7ba484f8a93.pdf
  🧠 Extrayendo metadata y artículos con IA...
    ⏳ Esperando 15s para respetar límite de cuota (5 RPM)...
  ⏭️  [NO-APLICA] Documento sin relevancia educativa (EMS/PMC/PAEC/PIPS), omitido: "507_1497467567_48511f7931cd81817b57b7ba484f8a93.pdf"

📄 Archivo: 507_1497469383_8fbe44f36a87f9409687f254d7d19df4.pdf
  🧠 Extrayendo metadata y artículos con IA...
    ⏳ Esperando 15s para respetar límite de cuota (5 RPM)...
  ⏭️  [NO-APLICA] Documento sin relevancia educativa (EMS/PMC/PAEC/PIPS), omitido: "507_1497469383_8fbe44f36a87f9409687f254d7d19df4.pdf"

📄 Archivo: 507_1633997668_8dcecd28d8aaaa6f7e40f3402301e446.pdf
  🧠 Extrayendo metadata y artículos con IA...
    ⏳ Esperando 15s para respetar límite de cuota (5 RPM)...
  ✅ Extraído: "ACUERDO del Secretario de la Contraloría del Gobierno del Estado, por el que expide el Código de Ética, las Reglas de Integridad para el Ejercicio de la Función Pública y los Lineamientos Generales para propiciar la integridad de los servidores públicos y para implementar acciones permanentes que favorezcan su comportamiento ético, a través de los Comités de Ética y de Prevención de Conflictos de Interés." (4 artículos)
  ➕ Documento insertado (id=85).
     ➕ Artículo insertado: 1
     ➕ Artículo insertado: 1 (Capítulo II)
     ➕ Artículo insertado: 2 (Capítulo II)
     ➕ Artículo insertado: 1a. ACTUACIÓN PÚBLICA

📄 Archivo: 507_1634048714_a034d19f53c14a53bad7d383e2c05cb5.pdf
  🧠 Extrayendo metadata y artículos con IA...
    ⏳ Esperando 15s para respetar límite de cuota (5 RPM)...
  ⏭️  [NO-APLICA] Documento sin relevancia educativa (EMS/PMC/PAEC/PIPS), omitido: "507_1634048714_a034d19f53c14a53bad7d383e2c05cb5.pdf"

📄 Archivo: 507_1634054692_dec4d35ff4d6f7a0f7d66c9871d76e06.pdf
  🧠 Extrayendo metadata y artículos con IA...
    ⏳ Esperando 15s para respetar límite de cuota (5 RPM)...
  ✅ Extraído: "Ley de Ciencia y Tecnología" (1 artículos)
  ➕ Documento insertado (id=86).
     ➕ Artículo insertado: Artículo 12, fracción XIX

📄 Archivo: 507_1634061623_f6688564a337413b9d6c51f4dc920b53.pdf
  🧠 Extrayendo metadata y artículos con IA...
    ⏳ Esperando 15s para respetar límite de cuota (5 RPM)...
  ✅ Extraído: "Ley del Sistema Estatal de Protección Civil" (1 artículos)
  ➕ Documento insertado (id=87).
     ➕ Artículo insertado: Artículo 1

📄 Archivo: 507_1642474091_6f65c6a43db2848d2763245d236e6177.pdf
  🧠 Extrayendo metadata y artículos con IA...
    ⏳ Esperando 15s para respetar límite de cuota (5 RPM)...
  ⏭️  [NO-APLICA] Documento sin relevancia educativa (EMS/PMC/PAEC/PIPS), omitido: "507_1642474091_6f65c6a43db2848d2763245d236e6177.pdf"

📄 Archivo: 507_1642623573_51e8b13d648c596557f1e34929325cdf.pdf
  🧠 Extrayendo metadata y artículos con IA...
    ⏳ Esperando 15s para respetar límite de cuota (5 RPM)...
  ⏭️  [NO-APLICA] Documento sin relevancia educativa (EMS/PMC/PAEC/PIPS), omitido: "507_1642623573_51e8b13d648c596557f1e34929325cdf.pdf"

📄 Archivo: 507_1647358959_ae104d460800d033ea06a8ff440d657d.pdf
  🧠 Extrayendo metadata y artículos con IA...
    ⏳ Esperando 15s para respetar límite de cuota (5 RPM)...
  ⏭️  [NO-APLICA] Documento sin relevancia educativa (EMS/PMC/PAEC/PIPS), omitido: "507_1647358959_ae104d460800d033ea06a8ff440d657d.pdf"

📄 Archivo: 507_1647359214_a9c81ae0aad3f177a468462164c6e1f9.pdf
  🧠 Extrayendo metadata y artículos con IA...
    ⏳ Esperando 15s para respetar límite de cuota (5 RPM)...
  ⏭️  [NO-APLICA] Documento sin relevancia educativa (EMS/PMC/PAEC/PIPS), omitido: "507_1647359214_a9c81ae0aad3f177a468462164c6e1f9.pdf"

📄 Archivo: 825_1721853434_390a0f78dca78523a1c81bc95e5c38f4.pdf
  🧠 Extrayendo metadata y artículos con IA...
    ⏳ Esperando 15s para respetar límite de cuota (5 RPM)...
  ⏭️  [NO-APLICA] Documento sin relevancia educativa (EMS/PMC/PAEC/PIPS), omitido: "825_1721853434_390a0f78dca78523a1c81bc95e5c38f4.pdf"

📄 Archivo: 825_1721853546_72e97a65d8a0c87bbb41e3ed425c5603.pdf
  🧠 Extrayendo metadata y artículos con IA...
    ⏳ Esperando 15s para respetar límite de cuota (5 RPM)...
  ✅ Extraído: "Ley de los Derechos de las Niñas, Niños y Adolescentes del Estado de Puebla" (2 artículos)
  ➕ Documento insertado (id=88).
     ➕ Artículo insertado: Artículo 47
     ➕ Artículo insertado: Artículo 48

📄 Archivo: 825_1721853680_7d448b288482992f7b49145f456e236e.pdf
  🧠 Extrayendo metadata y artículos con IA...
    ⏳ Esperando 15s para respetar límite de cuota (5 RPM)...
  ✅ Extraído: "Ley para la Igualdad entre Mujeres y Hombres del Estado de Puebla" (2 artículos)
  ➕ Documento insertado (id=89).
     ➕ Artículo insertado: Artículo 10, fracción XI
     ➕ Artículo insertado: Artículo 14

📄 Archivo: 825_1722285918_8de4c83ab8bbe481a48a7bc86caeb8f4.pdf
  🧠 Extrayendo metadata y artículos con IA...
    ⏳ Esperando 15s para respetar límite de cuota (5 RPM)...
  ⏭️  [NO-APLICA] Documento sin relevancia educativa (EMS/PMC/PAEC/PIPS), omitido: "825_1722285918_8de4c83ab8bbe481a48a7bc86caeb8f4.pdf"

📄 Archivo: 825_1722356493_ecd13c835e03672ff65e39b78f89440b.pdf
  🧠 Extrayendo metadata y artículos con IA...
    ⏳ Esperando 15s para respetar límite de cuota (5 RPM)...
  ⏭️  [NO-APLICA] Documento sin relevancia educativa (EMS/PMC/PAEC/PIPS), omitido: "825_1722356493_ecd13c835e03672ff65e39b78f89440b.pdf"

📄 Archivo: 825_1722356589_ae9194f7e4082a768ebf17386be5684e.pdf
  🧠 Extrayendo metadata y artículos con IA...
    ⏳ Esperando 15s para respetar límite de cuota (5 RPM)...
  ✅ Extraído: "Ley de Educación Media y Superior del Estado Libre y Soberano de Puebla" (3 artículos)
  ➕ Documento insertado (id=90).
     ➕ Artículo insertado: ARTICULO 3
     ➕ Artículo insertado: ARTICULO 12
     ➕ Artículo insertado: ARTICULO 13

📄 Archivo: 825_1722356659_5701695fc69736d3dba9463e8f763bfb.pdf
  🧠 Extrayendo metadata y artículos con IA...
    ⏳ Esperando 15s para respetar límite de cuota (5 RPM)...
  ⏭️  [NO-APLICA] Documento sin relevancia educativa (EMS/PMC/PAEC/PIPS), omitido: "825_1722356659_5701695fc69736d3dba9463e8f763bfb.pdf"

📄 Archivo: 825_1722356758_061689f868709c90f6bc69de1869a2d5.pdf
  🧠 Extrayendo metadata y artículos con IA...
    ⏳ Esperando 15s para respetar límite de cuota (5 RPM)...
  ⏭️  [NO-APLICA] Documento sin relevancia educativa (EMS/PMC/PAEC/PIPS), omitido: "825_1722356758_061689f868709c90f6bc69de1869a2d5.pdf"

📄 Archivo: 825_1722356910_63c08b0cff7e3166e0b35552adb5c7e9.pdf
  🧠 Extrayendo metadata y artículos con IA...
    ⏳ Esperando 15s para respetar límite de cuota (5 RPM)...
  ✅ Extraído: "Ley de Archivos del Estado de Puebla" (1 artículos)
  ➕ Documento insertado (id=91).
     ➕ Artículo insertado: Artículo 1

📄 Archivo: 825_1722357084_0377f362bc819a6d0cd96ef3f58b137a.pdf
  🧠 Extrayendo metadata y artículos con IA...
    ⏳ Esperando 15s para respetar límite de cuota (5 RPM)...
  ⏭️  [NO-APLICA] Documento sin relevancia educativa (EMS/PMC/PAEC/PIPS), omitido: "825_1722357084_0377f362bc819a6d0cd96ef3f58b137a.pdf"

📄 Archivo: 825_1722357161_5f08acfeb17b1b8c19a5672f8b80860e.pdf
  🧠 Extrayendo metadata y artículos con IA...
    ⏳ Esperando 15s para respetar límite de cuota (5 RPM)...
  ✅ Extraído: "Ley de Protección de Datos Personales en Posesión de Sujetos Obligados del Estado de Puebla" (2 artículos)
  ➕ Documento insertado (id=92).
     ➕ Artículo insertado: Artículo 1
     ➕ Artículo insertado: Artículo 3

📄 Archivo: 825_1722357265_239ba08cb1f853d08334609ed44cbb51.pdf
  🧠 Extrayendo metadata y artículos con IA...
    ⏳ Esperando 15s para respetar límite de cuota (5 RPM)...
  ✅ Extraído: "Ley de Seguridad Integral Escolar para el Estado Libre y Soberano de Puebla" (5 artículos)
  ➕ Documento insertado (id=93).
     ➕ Artículo insertado: ARTÍCULO 1
     ➕ Artículo insertado: ARTÍCULO 2
     ➕ Artículo insertado: ARTÍCULO 11
     ➕ Artículo insertado: ARTÍCULO 12
     ➕ Artículo insertado: ARTÍCULO 13

📄 Archivo: 825_1722357434_2691a7ea43b7c5cff838ce8aafc9a17c.pdf
  🧠 Extrayendo metadata y artículos con IA...
    ⏳ Esperando 15s para respetar límite de cuota (5 RPM)...
  ⏭️  [NO-APLICA] Documento sin relevancia educativa (EMS/PMC/PAEC/PIPS), omitido: "825_1722357434_2691a7ea43b7c5cff838ce8aafc9a17c.pdf"

📄 Archivo: 825_1722357664_68e33b68ea0234ebf7c08445b1e7b9ad.pdf
  🧠 Extrayendo metadata y artículos con IA...
    ⏳ Esperando 15s para respetar límite de cuota (5 RPM)...
  ✅ Extraído: "Ley Orgánica de la Administración Pública del Estado de Puebla" (1 artículos)
  ➕ Documento insertado (id=94).
     ➕ Artículo insertado: ARTÍCULO 44

📄 Archivo: 825_1722363003_d6cdc11bfc3e1af64795ae1df359d048.pdf
  🧠 Extrayendo metadata y artículos con IA...
    ⏳ Esperando 15s para respetar límite de cuota (5 RPM)...
  ⏭️  [NO-APLICA] Documento sin relevancia educativa (EMS/PMC/PAEC/PIPS), omitido: "825_1722363003_d6cdc11bfc3e1af64795ae1df359d048.pdf"

📄 Archivo: 825_1722364606_b335309f8b1259da65e9a74580736968.pdf
  🧠 Extrayendo metadata y artículos con IA...
    ⏳ Esperando 15s para respetar límite de cuota (5 RPM)...
  ⏭️  [NO-APLICA] Documento sin relevancia educativa (EMS/PMC/PAEC/PIPS), omitido: "825_1722364606_b335309f8b1259da65e9a74580736968.pdf"

📄 Archivo: 825_1722364700_42230182128471d2dd761a70e1870916.pdf
  🧠 Extrayendo metadata y artículos con IA...
    ⏳ Esperando 15s para respetar límite de cuota (5 RPM)...
  ⏭️  [NO-APLICA] Documento sin relevancia educativa (EMS/PMC/PAEC/PIPS), omitido: "825_1722364700_42230182128471d2dd761a70e1870916.pdf"

📄 Archivo: 825_1722364787_5596e6497f65908a8705c68b4d2d8f64.pdf
  🧠 Extrayendo metadata y artículos con IA...
    ⏳ Esperando 15s para respetar límite de cuota (5 RPM)...
  ⏭️  [NO-APLICA] Documento sin relevancia educativa (EMS/PMC/PAEC/PIPS), omitido: "825_1722364787_5596e6497f65908a8705c68b4d2d8f64.pdf"

📄 Archivo: 825_1722364854_d18f3ccd4bfa3a93f43a807651e223b9.pdf
  🧠 Extrayendo metadata y artículos con IA...
    ⏳ Esperando 15s para respetar límite de cuota (5 RPM)...
  ⏭️  [NO-APLICA] Documento sin relevancia educativa (EMS/PMC/PAEC/PIPS), omitido: "825_1722364854_d18f3ccd4bfa3a93f43a807651e223b9.pdf"

📄 Archivo: 825_1722364930_30484300f1cb02acddce574c1dc9ad35.pdf
  🧠 Extrayendo metadata y artículos con IA...
    ⏳ Esperando 15s para respetar límite de cuota (5 RPM)...
  ❌ Falló la extracción para 825_1722364930_30484300f1cb02acddce574c1dc9ad35.pdf.

📄 Archivo: 825_1729278897_66d928ac3dc07814eb6aa8e2762f52a0.pdf
  🧠 Extrayendo metadata y artículos con IA...
    ⏳ Esperando 15s para respetar límite de cuota (5 RPM)...
  ✅ Extraído: "Ley de Educación del Estado de Puebla" (7 artículos)
  ♻️  Documento ya existe (id=8), actualizando/insertando artículos...
     ➕ Artículo insertado: ARTÍCULO 3
     ➕ Artículo insertado: ARTÍCULO 6
     ➕ Artículo insertado: ARTÍCULO 7
     ➕ Artículo insertado: ARTÍCULO 9
     ➕ Artículo insertado: ARTÍCULO 10
     ➕ Artículo insertado: ARTÍCULO 13
     ➕ Artículo insertado: ARTÍCULO 14

📄 Archivo: 825_1729279251_cbbb0741245e5e14a89daca844941cd0.pdf
  🧠 Extrayendo metadata y artículos con IA...
    ⏳ Esperando 15s para respetar límite de cuota (5 RPM)...
  ✅ Extraído: "Ley para el Acceso de las Mujeres a una Vida Libre de Violencia del Estado de Puebla" (2 artículos)
  ➕ Documento insertado (id=95).
     ➕ Artículo insertado: Artículo 5
     ➕ Artículo insertado: Artículo 9

📄 Archivo: Ley_de_Ingresos_Ejercicio_Fiscal_2018.pdf
  🧠 Extrayendo metadata y artículos con IA...
    ⏳ Esperando 15s para respetar límite de cuota (5 RPM)...
  ⏭️  [NO-APLICA] Documento sin relevancia educativa (EMS/PMC/PAEC/PIPS), omitido: "Ley_de_Ingresos_Ejercicio_Fiscal_2018.pdf"

📄 Archivo: wo96692.pdf
  🧠 Extrayendo metadata y artículos con IA...
    ⏳ Esperando 15s para respetar límite de cuota (5 RPM)...
  ⏭️  [NO-APLICA] Documento sin relevancia educativa (EMS/PMC/PAEC/PIPS), omitido: "wo96692.pdf"

📂 Procesando directorio: Ley Reglamentaria

📄 Archivo: 507_1634082005_32881e81695400599911e46b0dece732.pdf
  🧠 Extrayendo metadata y artículos con IA...
    ⏳ Esperando 15s para respetar límite de cuota (5 RPM)...
  ⏭️  [NO-APLICA] Documento sin relevancia educativa (EMS/PMC/PAEC/PIPS), omitido: "507_1634082005_32881e81695400599911e46b0dece732.pdf"

📂 Procesando directorio: Lineamientos

📄 Archivo: 507_1642457689_e479ecb8fd750ec9b37c2fb5204e88ee.pdf
  ⏭️  [ESCANEADO-OCR] PDF sin texto extraíble (<100 chars). Requiere OCR manual.

📄 Archivo: 825_1721854586_0b97fc1a81e688449c5e0b162993624b.pdf
  🧠 Extrayendo metadata y artículos con IA...
    ⏳ Esperando 15s para respetar límite de cuota (5 RPM)...
  ⏭️  [NO-APLICA] Documento sin relevancia educativa (EMS/PMC/PAEC/PIPS), omitido: "825_1721854586_0b97fc1a81e688449c5e0b162993624b.pdf"

📄 Archivo: acuerdo_tecnologias_de_la_in_0001.pdf
  ⏭️  [ESCANEADO-OCR] PDF sin texto extraíble (<100 chars). Requiere OCR manual.

📄 Archivo: Lineamientos_FONE.pdf
  ⏭️  [ESCANEADO-OCR] PDF sin texto extraíble (<100 chars). Requiere OCR manual.

📄 Archivo: Lineamientos_RAMO_33.pdf
  ⏭️  [ESCANEADO-OCR] PDF sin texto extraíble (<100 chars). Requiere OCR manual.

📄 Archivo: Lineamientos_SEP_TE_DA_EL_AVENTON_(1).pdf
  ⏭️  [ESCANEADO-OCR] PDF sin texto extraíble (<100 chars). Requiere OCR manual.
⏭️  Saltando directorio no permitido: Reglamentos
⏭️  Saltando directorio no permitido: Tratados Internacionales

🎉 Ingesta completada.
📊 Procesados: 51
⏭️  Omitidos (muy cortos): 97
